// Jest Snapshot v1, https://goo.gl/fbAQLP

exports[`Home page matches snapshot 1`] = `
<DocumentFragment>
  <div
    class="bg-black"
  >
    this is tailwind.
  </div>
</DocumentFragment>
`;
